
> backend@1.0.0 dev
> nodemon index.js

[33m[nodemon] 3.1.11[39m
[33m[nodemon] to restart at any time, enter `rs`[39m
[33m[nodemon] watching path(s): *.*[39m
[33m[nodemon] watching extensions: js,mjs,cjs,json[39m
[32m[nodemon] starting `node index.js`[39m
[dotenv@17.2.3] injecting env (16) from .env -- tip: 🔑 add access controls to secrets: https://dotenvx.com/ops
[dotenv@17.2.3] injecting env (0) from .env -- tip: 👥 sync secrets across teammates & machines: https://dotenvx.com/ops
[dotenv@17.2.3] injecting env (0) from .env -- tip: ⚙️  write to custom object with { processEnv: myObject }
/home/dhruv/C_drive/techno/Technova/backend/node_modules/twilio/lib/base/BaseTwilio.js:94
                throw new Error("accountSid must start with AC" + apiKeyMsg);
                      ^

Error: accountSid must start with AC
    at Twilio.setAccountSid (/home/dhruv/C_drive/techno/Technova/backend/node_modules/twilio/lib/base/BaseTwilio.js:94:23)
    at new Client (/home/dhruv/C_drive/techno/Technova/backend/node_modules/twilio/lib/base/BaseTwilio.js:56:18)
    at new Twilio (/home/dhruv/C_drive/techno/Technova/backend/node_modules/twilio/lib/rest/Twilio.js:33:9)
    at TwilioSDK (/home/dhruv/C_drive/techno/Technova/backend/node_modules/twilio/lib/index.js:55:12)
    at file:///home/dhruv/C_drive/techno/Technova/backend/services/sms.service.js:12:12
    at ModuleJob.run (node:internal/modules/esm/module_job:377:25)
    at process.processTicksAndRejections (node:internal/process/task_queues:105:5)
    at async onImport.tracePromise.__proto__ (node:internal/modules/esm/loader:689:26)
    at async asyncRunEntryPointWithESMLoader (node:internal/modules/run_main:101:5)

Node.js v24.9.0
[31m[nodemon] app crashed - waiting for file changes before starting...[39m
[32m[nodemon] restarting due to changes...[39m
[32m[nodemon] starting `node index.js`[39m
[dotenv@17.2.3] injecting env (16) from .env -- tip: ⚙️  override existing env vars with { override: true }
[dotenv@17.2.3] injecting env (0) from .env -- tip: 🔐 prevent committing .env to code: https://dotenvx.com/precommit
[dotenv@17.2.3] injecting env (0) from .env -- tip: ⚙️  override existing env vars with { override: true }
⚠️  Twilio credentials not configured. SMS features will use mock mode.
[dotenv@17.2.3] injecting env (0) from .env -- tip: 🔐 prevent building .env in docker: https://dotenvx.com/prebuild
[dotenv@17.2.3] injecting env (0) from .env -- tip: 🔐 prevent committing .env to code: https://dotenvx.com/precommit
[dotenv@17.2.3] injecting env (0) from .env -- tip: 🔑 add access controls to secrets: https://dotenvx.com/ops
file:///home/dhruv/C_drive/techno/Technova/backend/node_modules/@supabase/supabase-js/dist/index.mjs:151
	if (!trimmedUrl.match(/^https?:\/\//i)) throw new Error("Invalid supabaseUrl: Must be a valid HTTP or HTTPS URL.");
	                                              ^

Error: Invalid supabaseUrl: Must be a valid HTTP or HTTPS URL.
    at validateSupabaseUrl (file:///home/dhruv/C_drive/techno/Technova/backend/node_modules/@supabase/supabase-js/dist/index.mjs:151:48)
    at new SupabaseClient (file:///home/dhruv/C_drive/techno/Technova/backend/node_modules/@supabase/supabase-js/dist/index.mjs:199:19)
    at createClient (file:///home/dhruv/C_drive/techno/Technova/backend/node_modules/@supabase/supabase-js/dist/index.mjs:390:9)
    at file:///home/dhruv/C_drive/techno/Technova/backend/services/supabase.service.js:13:5
    at ModuleJob.run (node:internal/modules/esm/module_job:377:25)
    at process.processTicksAndRejections (node:internal/process/task_queues:105:5)
    at async onImport.tracePromise.__proto__ (node:internal/modules/esm/loader:689:26)
    at async asyncRunEntryPointWithESMLoader (node:internal/modules/run_main:101:5)

Node.js v24.9.0
[31m[nodemon] app crashed - waiting for file changes before starting...[39m
[32m[nodemon] restarting due to changes...[39m
[32m[nodemon] starting `node index.js`[39m
[dotenv@17.2.3] injecting env (16) from .env -- tip: 🔑 add access controls to secrets: https://dotenvx.com/ops
[dotenv@17.2.3] injecting env (0) from .env -- tip: ⚙️  load multiple .env files with { path: ['.env.local', '.env'] }
[dotenv@17.2.3] injecting env (0) from .env -- tip: ✅ audit secrets and track compliance: https://dotenvx.com/ops
⚠️  Twilio credentials not configured. SMS features will use mock mode.
[dotenv@17.2.3] injecting env (0) from .env -- tip: ⚙️  override existing env vars with { override: true }
[dotenv@17.2.3] injecting env (0) from .env -- tip: 🔐 prevent committing .env to code: https://dotenvx.com/precommit
[dotenv@17.2.3] injecting env (0) from .env -- tip: ⚙️  enable debug logging with { debug: true }
⚠️  Supabase credentials not configured. Real-time features will be limited.
[dotenv@17.2.3] injecting env (0) from .env -- tip: 🔐 prevent committing .env to code: https://dotenvx.com/precommit
⏰ Trust score cron job initialized (runs daily at 4:00 PM IST)
🚀 Server is running on port 8901
📡 Socket.io is ready for real-time connections
⏰ Trust score cron job is scheduled
MongoDB connected successfully
✅ Client connected: N1J1cwUndGGCb5E4AAAB
Investor 696b3dd3540329cf1993d656 joined their room
Client N1J1cwUndGGCb5E4AAAB joined signals feed
❌ Client disconnected: N1J1cwUndGGCb5E4AAAB
✅ Client connected: 5C-_Ttg7juWNbtoIAAAD
Investor 696b3dd3540329cf1993d656 joined their room
Client 5C-_Ttg7juWNbtoIAAAD joined signals feed
Investor 696b3dd3540329cf1993d656 joined their room
Client 5C-_Ttg7juWNbtoIAAAD joined signals feed
Investor 696b3dd3540329cf1993d656 joined their room
Client 5C-_Ttg7juWNbtoIAAAD joined signals feed
Investor 696b3dd3540329cf1993d656 joined their room
Client 5C-_Ttg7juWNbtoIAAAD joined signals feed
❌ Client disconnected: 5C-_Ttg7juWNbtoIAAAD
🔄 Running daily trust score calculation...
✅ Trust score calculation completed:
   - Successful: 0
   - Failed: 0
[32m[nodemon] restarting due to changes...[39m
[32m[nodemon] starting `node index.js`[39m
[dotenv@17.2.3] injecting env (16) from .env -- tip: 🔄 add secrets lifecycle management: https://dotenvx.com/ops
[dotenv@17.2.3] injecting env (0) from .env -- tip: ⚙️  load multiple .env files with { path: ['.env.local', '.env'] }
[dotenv@17.2.3] injecting env (0) from .env -- tip: ⚙️  write to custom object with { processEnv: myObject }
⚠️  Twilio credentials not configured. SMS features will use mock mode.
[dotenv@17.2.3] injecting env (0) from .env -- tip: 🗂️ backup and recover secrets: https://dotenvx.com/ops
[dotenv@17.2.3] injecting env (0) from .env -- tip: 🛠️  run anywhere with `dotenvx run -- yourcommand`
[dotenv@17.2.3] injecting env (0) from .env -- tip: ⚙️  enable debug logging with { debug: true }
⚠️  Supabase credentials not configured. Real-time features will be limited.
[dotenv@17.2.3] injecting env (0) from .env -- tip: 👥 sync secrets across teammates & machines: https://dotenvx.com/ops
⏰ Trust score cron job initialized (runs daily at 4:00 PM IST)
🚀 Server is running on port 8901
📡 Socket.io is ready for real-time connections
⏰ Trust score cron job is scheduled
MongoDB connected successfully
✅ Client connected: L5zbl69V5hksEl6iAAAB
Investor 696b3dd3540329cf1993d656 joined their room
Client L5zbl69V5hksEl6iAAAB joined signals feed
Investor 696b3dd3540329cf1993d656 joined their room
Client L5zbl69V5hksEl6iAAAB joined signals feed
Investor 696b3dd3540329cf1993d656 joined their room
Client L5zbl69V5hksEl6iAAAB joined signals feed
Investor 696b3dd3540329cf1993d656 joined their room
Client L5zbl69V5hksEl6iAAAB joined signals feed
Investor 696b3dd3540329cf1993d656 joined their room
Client L5zbl69V5hksEl6iAAAB joined signals feed
❌ Client disconnected: L5zbl69V5hksEl6iAAAB
✅ Client connected: Vc_-bEwC-QQIsht0AAAD
Investor 696b3dd3540329cf1993d656 joined their room
Client Vc_-bEwC-QQIsht0AAAD joined signals feed
Investor 696b3dd3540329cf1993d656 joined their room
Client Vc_-bEwC-QQIsht0AAAD joined signals feed
Investor 696b3dd3540329cf1993d656 joined their room
Client Vc_-bEwC-QQIsht0AAAD joined signals feed
Investor 696b3dd3540329cf1993d656 joined their room
Client Vc_-bEwC-QQIsht0AAAD joined signals feed
Investor 696b3dd3540329cf1993d656 joined their room
Client Vc_-bEwC-QQIsht0AAAD joined signals feed
Investor 696b3dd3540329cf1993d656 joined their room
Client Vc_-bEwC-QQIsht0AAAD joined signals feed
❌ Client disconnected: Vc_-bEwC-QQIsht0AAAD
✅ Client connected: Y_ImuaeBmzFAlq4BAAAF
Investor 696b3dd3540329cf1993d656 joined their room
Client Y_ImuaeBmzFAlq4BAAAF joined signals feed
❌ Client disconnected: Y_ImuaeBmzFAlq4BAAAF
[31m[nodemon] app crashed - waiting for file changes before starting...[39m
